Archive member included to satisfy reference by file (symbol)

C:/Software/arm-gnu-toolchain/bin/../lib/gcc/arm-none-eabi/13.3.1/thumb/v7e-m/nofp\libgcc.a(_aeabi_uldivmod.o)
                              CMakeFiles/Clion.elf.dir/Drivers/STM32F4xx_HAL_Driver/Src/stm32f4xx_hal_rcc.c.obj (__aeabi_uldivmod)
C:/Software/arm-gnu-toolchain/bin/../lib/gcc/arm-none-eabi/13.3.1/thumb/v7e-m/nofp\libgcc.a(_udivmoddi4.o)
                              C:/Software/arm-gnu-toolchain/bin/../lib/gcc/arm-none-eabi/13.3.1/thumb/v7e-m/nofp\libgcc.a(_aeabi_uldivmod.o) (__udivmoddi4)
C:/Software/arm-gnu-toolchain/bin/../lib/gcc/arm-none-eabi/13.3.1/thumb/v7e-m/nofp\libgcc.a(_dvmd_tls.o)
                              C:/Software/arm-gnu-toolchain/bin/../lib/gcc/arm-none-eabi/13.3.1/thumb/v7e-m/nofp\libgcc.a(_aeabi_uldivmod.o) (__aeabi_ldiv0)
C:/Software/arm-gnu-toolchain/bin/../lib/gcc/arm-none-eabi/13.3.1/thumb/v7e-m/nofp\libg.a(libc_a-exit.o)
                              C:/Software/arm-gnu-toolchain/bin/../lib/gcc/arm-none-eabi/13.3.1/thumb/v7e-m/nofp/crt0.o (exit)
C:/Software/arm-gnu-toolchain/bin/../lib/gcc/arm-none-eabi/13.3.1/thumb/v7e-m/nofp\libg.a(libc_a-findfp.o)
                              C:/Software/arm-gnu-toolchain/bin/../lib/gcc/arm-none-eabi/13.3.1/thumb/v7e-m/nofp\libg.a(libc_a-exit.o) (__stdio_exit_handler)
C:/Software/arm-gnu-toolchain/bin/../lib/gcc/arm-none-eabi/13.3.1/thumb/v7e-m/nofp\libg.a(libc_a-fwalk.o)
                              C:/Software/arm-gnu-toolchain/bin/../lib/gcc/arm-none-eabi/13.3.1/thumb/v7e-m/nofp\libg.a(libc_a-findfp.o) (_fwalk_sglue)
C:/Software/arm-gnu-toolchain/bin/../lib/gcc/arm-none-eabi/13.3.1/thumb/v7e-m/nofp\libg.a(libc_a-stdio.o)
                              C:/Software/arm-gnu-toolchain/bin/../lib/gcc/arm-none-eabi/13.3.1/thumb/v7e-m/nofp\libg.a(libc_a-findfp.o) (__sread)
C:/Software/arm-gnu-toolchain/bin/../lib/gcc/arm-none-eabi/13.3.1/thumb/v7e-m/nofp\libg.a(libc_a-memset.o)
                              C:/Software/arm-gnu-toolchain/bin/../lib/gcc/arm-none-eabi/13.3.1/thumb/v7e-m/nofp/crt0.o (memset)
C:/Software/arm-gnu-toolchain/bin/../lib/gcc/arm-none-eabi/13.3.1/thumb/v7e-m/nofp\libg.a(libc_a-closer.o)
                              C:/Software/arm-gnu-toolchain/bin/../lib/gcc/arm-none-eabi/13.3.1/thumb/v7e-m/nofp\libg.a(libc_a-stdio.o) (_close_r)
C:/Software/arm-gnu-toolchain/bin/../lib/gcc/arm-none-eabi/13.3.1/thumb/v7e-m/nofp\libg.a(libc_a-reent.o)
                              C:/Software/arm-gnu-toolchain/bin/../lib/gcc/arm-none-eabi/13.3.1/thumb/v7e-m/nofp\libg.a(libc_a-closer.o) (errno)
C:/Software/arm-gnu-toolchain/bin/../lib/gcc/arm-none-eabi/13.3.1/thumb/v7e-m/nofp\libg.a(libc_a-impure.o)
                              C:/Software/arm-gnu-toolchain/bin/../lib/gcc/arm-none-eabi/13.3.1/thumb/v7e-m/nofp\libg.a(libc_a-reent.o) (_impure_ptr)
C:/Software/arm-gnu-toolchain/bin/../lib/gcc/arm-none-eabi/13.3.1/thumb/v7e-m/nofp\libg.a(libc_a-lseekr.o)
                              C:/Software/arm-gnu-toolchain/bin/../lib/gcc/arm-none-eabi/13.3.1/thumb/v7e-m/nofp\libg.a(libc_a-stdio.o) (_lseek_r)
C:/Software/arm-gnu-toolchain/bin/../lib/gcc/arm-none-eabi/13.3.1/thumb/v7e-m/nofp\libg.a(libc_a-readr.o)
                              C:/Software/arm-gnu-toolchain/bin/../lib/gcc/arm-none-eabi/13.3.1/thumb/v7e-m/nofp\libg.a(libc_a-stdio.o) (_read_r)
C:/Software/arm-gnu-toolchain/bin/../lib/gcc/arm-none-eabi/13.3.1/thumb/v7e-m/nofp\libg.a(libc_a-writer.o)
                              C:/Software/arm-gnu-toolchain/bin/../lib/gcc/arm-none-eabi/13.3.1/thumb/v7e-m/nofp\libg.a(libc_a-stdio.o) (_write_r)
C:/Software/arm-gnu-toolchain/bin/../lib/gcc/arm-none-eabi/13.3.1/thumb/v7e-m/nofp\libg.a(libc_a-errno.o)
                              CMakeFiles/Clion.elf.dir/Core/Src/syscalls.c.obj (__errno)
C:/Software/arm-gnu-toolchain/bin/../lib/gcc/arm-none-eabi/13.3.1/thumb/v7e-m/nofp\libg.a(libc_a-init.o)
                              C:/Software/arm-gnu-toolchain/bin/../lib/gcc/arm-none-eabi/13.3.1/thumb/v7e-m/nofp/crt0.o (__libc_init_array)
C:/Software/arm-gnu-toolchain/bin/../lib/gcc/arm-none-eabi/13.3.1/thumb/v7e-m/nofp\libg.a(libc_a-lock.o)
                              C:/Software/arm-gnu-toolchain/bin/../lib/gcc/arm-none-eabi/13.3.1/thumb/v7e-m/nofp\libg.a(libc_a-findfp.o) (__retarget_lock_init_recursive)
C:/Software/arm-gnu-toolchain/bin/../lib/gcc/arm-none-eabi/13.3.1/thumb/v7e-m/nofp\libg.a(libc_a-__call_atexit.o)
                              C:/Software/arm-gnu-toolchain/bin/../lib/gcc/arm-none-eabi/13.3.1/thumb/v7e-m/nofp\libg.a(libc_a-exit.o) (__call_exitprocs)
C:/Software/arm-gnu-toolchain/bin/../lib/gcc/arm-none-eabi/13.3.1/thumb/v7e-m/nofp\libg.a(libc_a-atexit.o)
                              C:/Software/arm-gnu-toolchain/bin/../lib/gcc/arm-none-eabi/13.3.1/thumb/v7e-m/nofp\libg.a(libc_a-__call_atexit.o) (atexit)
C:/Software/arm-gnu-toolchain/bin/../lib/gcc/arm-none-eabi/13.3.1/thumb/v7e-m/nofp\libg.a(libc_a-freer.o)
[...]
Memory Configuration

Name             Origin             Length             Attributes
CCMRAM           0x10000000         0x00010000         xrw
RAM              0x20000000         0x00020000         xrw
FLASH            0x08000000         0x00100000         xr
*default*        0x00000000         0xffffffff

Linker script and memory map

LOAD C:/Software/arm-gnu-toolchain/bin/../lib/gcc/arm-none-eabi/13.3.1/thumb/v7e-m/nofp/crti.o
LOAD C:/Software/arm-gnu-toolchain/bin/../lib/gcc/arm-none-eabi/13.3.1/thumb/v7e-m/nofp/crtbegin.o
LOAD C:/Software/arm-gnu-toolchain/bin/../lib/gcc/arm-none-eabi/13.3.1/thumb/v7e-m/nofp/crt0.o
LOAD CMakeFiles/Clion.elf.dir/Core/Src/gpio.c.obj
LOAD CMakeFiles/Clion.elf.dir/Core/Src/main.c.obj
LOAD CMakeFiles/Clion.elf.dir/Core/Src/stm32f4xx_hal_msp.c.obj
LOAD CMakeFiles/Clion.elf.dir/Core/Src/stm32f4xx_it.c.obj
LOAD CMakeFiles/Clion.elf.dir/Core/Src/syscalls.c.obj
LOAD CMakeFiles/Clion.elf.dir/Core/Src/sysmem.c.obj
LOAD CMakeFiles/Clion.elf.dir/Core/Src/system_stm32f4xx.c.obj
LOAD CMakeFiles/Clion.elf.dir/Core/Startup/startup_stm32f407zgtx.s.obj
LOAD CMakeFiles/Clion.elf.dir/Drivers/BSP/OLED/bsp_iic.c.obj
LOAD CMakeFiles/Clion.elf.dir/Drivers/BSP/common.c.obj
LOAD CMakeFiles/Clion.elf.dir/Drivers/STM32F4xx_HAL_Driver/Src/stm32f4xx_hal.c.obj
LOAD CMakeFiles/Clion.elf.dir/Drivers/STM32F4xx_HAL_Driver/Src/stm32f4xx_hal_cortex.c.obj
LOAD CMakeFiles/Clion.elf.dir/Drivers/STM32F4xx_HAL_Driver/Src/stm32f4xx_hal_dma.c.obj
LOAD CMakeFiles/Clion.elf.dir/Drivers/STM32F4xx_HAL_Driver/Src/stm32f4xx_hal_dma_ex.c.obj
LOAD CMakeFiles/Clion.elf.dir/Drivers/STM32F4xx_HAL_Driver/Src/stm32f4xx_hal_exti.c.obj
LOAD CMakeFiles/Clion.elf.dir/Drivers/STM32F4xx_HAL_Driver/Src/stm32f4xx_hal_flash.c.obj
LOAD CMakeFiles/Clion.elf.dir/Drivers/STM32F4xx_HAL_Driver/Src/stm32f4xx_hal_flash_ex.c.obj
LOAD CMakeFiles/Clion.elf.dir/Drivers/STM32F4xx_HAL_Driver/Src/stm32f4xx_hal_flash_ramfunc.c.obj
LOAD CMakeFiles/Clion.elf.dir/Drivers/STM32F4xx_HAL_Driver/Src/stm32f4xx_hal_gpio.c.obj
LOAD CMakeFiles/Clion.elf.dir/Drivers/STM32F4xx_HAL_Driver/Src/stm32f4xx_hal_pwr.c.obj
LOAD CMakeFiles/Clion.elf.dir/Drivers/STM32F4xx_HAL_Driver/Src/stm32f4xx_hal_pwr_ex.c.obj
LOAD CMakeFiles/Clion.elf.dir/Drivers/STM32F4xx_HAL_Driver/Src/stm32f4xx_hal_rcc.c.obj
LOAD CMakeFiles/Clion.elf.dir/Drivers/STM32F4xx_HAL_Driver/Src/stm32f4xx_hal_rcc_ex.c.obj
START GROUP
LOAD C:/Software/arm-gnu-toolchain/bin/../lib/gcc/arm-none-eabi/13.3.1/thumb/v7e-m/nofp\libgcc.a
LOAD C:/Software/arm-gnu-toolchain/bin/../lib/gcc/arm-none-eabi/13.3.1/thumb/v7e-m/nofp\libg.a
LOAD C:/Software/arm-gnu-toolchain/bin/../lib/gcc/arm-none-eabi/13.3.1/thumb/v7e-m/nofp\libc.a
END GROUP
LOAD C:/Software/arm-gnu-toolchain/bin/../lib/gcc/arm-none-eabi/13.3.1/thumb/v7e-m/nofp/crtend.o
LOAD C:/Software/arm-gnu-toolchain/bin/../lib/gcc/arm-none-eabi/13.3.1/thumb/v7e-m/nofp/crtn.o
                0x20020000                        _estack = (ORIGIN (RAM) + LENGTH (RAM))
                0x00000200                        _Min_Heap_Size = 0x200
                0x00000400                        _Min_Stack_Size = 0x400

.isr_vector     0x08000000      0x188
                0x08000000                        . = ALIGN (0x4)
 *(.isr_vector)
 .isr_vector    0x08000000      0x188 CMakeFiles/Clion.elf.dir/Core/Startup/startup_stm32f407zgtx.s.obj
                0x08000000                g_pfnVectors
                0x08000188                        . = ALIGN (0x4)

.text           0x08000188      0xe68
                0x08000188                        . = ALIGN (0x4)
 *(.text)
 .text          0x08000188       0x30 C:/Software/arm-gnu-toolchain/bin/../lib/gcc/arm-none-eabi/13.3.1/thumb/v7e-m/nofp\libgcc.a(_aeabi_uldivmod.o)
                0x08000188                __aeabi_uldivmod
 .text          0x080001b8        0x4 C:/Software/arm-gnu-toolchain/bin/../lib/gcc/arm-none-eabi/13.3.1/thumb/v7e-m/nofp\libgcc.a(_dvmd_tls.o)
                0x080001b8                __aeabi_idiv0
                0x080001b8                __aeabi_ldiv0
 *(.text*)
 .text.deregister_tm_clones
                0x080001bc       0x1c C:/Software/arm-gnu-toolchain/bin/../lib/gcc/arm-none-eabi/13.3.1/thumb/v7e-m/nofp/crtbegin.o
 .text.register_tm_clones
                0x080001d8       0x24 C:/Software/arm-gnu-toolchain/bin/../lib/gcc/arm-none-eabi/13.3.1/thumb/v7e-m/nofp/crtbegin.o
 .text.__do_global_dtors_aux
                0x080001fc       0x28 C:/Software/arm-gnu-toolchain/bin/../lib/gcc/arm-none-eabi/13.3.1/thumb/v7e-m/nofp/crtbegin.o
 .text.frame_dummy
                0x08000224       0x24 C:/Software/arm-gnu-toolchain/bin/../lib/gcc/arm-none-eabi/13.3.1/thumb/v7e-m/nofp/crtbegin.o
 .text.MX_GPIO_Init
                0x08000248       0x38 CMakeFiles/Clion.elf.dir/Core/Src/gpio.c.obj
                0x08000248                MX_GPIO_Init
 .text.Error_Handler
                0x08000280        0x4 CMakeFiles/Clion.elf.dir/Core/Src/main.c.obj
                0x08000280                Error_Handler
 .text.SystemClock_Config
                0x08000284       0xa4 CMakeFiles/Clion.elf.dir/Core/Src/main.c.obj
                0x08000284                SystemClock_Config
 .text.main     0x08000328       0x10 CMakeFiles/Clion.elf.dir/Core/Src/main.c.obj
                0x08000328                main
 .text.HAL_MspInit
                0x08000338       0x38 CMakeFiles/Clion.elf.dir/Core/Src/stm32f4xx_hal_msp.c.obj
                0x08000338                HAL_MspInit
 .text.NMI_Handler
                0x08000370        0x2 CMakeFiles/Clion.elf.dir/Core/Src/stm32f4xx_it.c.obj
                0x08000370                NMI_Handler
 .text.HardFault_Handler
                0x08000372        0x2 CMakeFiles/Clion.elf.dir/Core/Src/stm32f4xx_it.c.obj
                0x08000372                HardFault_Handler
 .text.MemManage_Handler
                0x08000374        0x2 CMakeFiles/Clion.elf.dir/Core/Src/stm32f4xx_it.c.obj
                0x08000374                MemManage_Handler
 .text.BusFault_Handler
                0x08000376        0x2 CMakeFiles/Clion.elf.dir/Core/Src/stm32f4xx_it.c.obj
                0x08000376                BusFault_Handler
 .text.UsageFault_Handler
                0x08000378        0x2 CMakeFiles/Clion.elf.dir/Core/Src/stm32f4xx_it.c.obj
                0x08000378                UsageFault_Handler
 .text.SVC_Handler
                0x0800037a        0x2 CMakeFiles/Clion.elf.dir/Core/Src/stm32f4xx_it.c.obj
                0x0800037a                SVC_Handler
 .text.DebugMon_Handler
                0x0800037c        0x2 CMakeFiles/Clion.elf.dir/Core/Src/stm32f4xx_it.c.obj
                0x0800037c                DebugMon_Handler
 .text.PendSV_Handler
                0x0800037e        0x2 CMakeFiles/Clion.elf.dir/Core/Src/stm32f4xx_it.c.obj
                0x0800037e                PendSV_Handler
 .text.SysTick_Handler
                0x08000380        0x8 CMakeFiles/Clion.elf.dir/Core/Src/stm32f4xx_it.c.obj
                0x08000380                SysTick_Handler
 .text.SystemInit
                0x08000388        0x2 CMakeFiles/Clion.elf.dir/Core/Src/system_stm32f4xx.c.obj
                0x08000388                SystemInit
 *fill*         0x0800038a        0x2 
 .text.Reset_Handler
                0x0800038c       0x50 CMakeFiles/Clion.elf.dir/Core/Startup/startup_stm32f407zgtx.s.obj
                0x0800038c                Reset_Handler
 .text.Default_Handler
                0x080003dc        0x2 CMakeFiles/Clion.elf.dir/Core/Startup/startup_stm32f407zgtx.s.obj
                0x080003dc                RTC_Alarm_IRQHandler
                0x080003dc                HASH_RNG_IRQHandler
                0x080003dc                EXTI2_IRQHandler
                0x080003dc                TIM8_CC_IRQHandler
                0x080003dc                TIM1_CC_IRQHandler
                0x080003dc                DMA2_Stream5_IRQHandler
                0x080003dc                DMA1_Stream5_IRQHandler
                0x080003dc                PVD_IRQHandler
                0x080003dc                SDIO_IRQHandler
                0x080003dc                TAMP_STAMP_IRQHandler
                0x080003dc                CAN2_RX1_IRQHandler
                0x080003dc                EXTI3_IRQHandler
                0x080003dc                TIM8_TRG_COM_TIM14_IRQHandler
                0x080003dc                TIM1_UP_TIM10_IRQHandler
                0x080003dc                TIM8_UP_TIM13_IRQHandler
                0x080003dc                I2C3_ER_IRQHandler
                0x080003dc                EXTI0_IRQHandler
                0x080003dc                I2C2_EV_IRQHandler
                0x080003dc                DMA1_Stream2_IRQHandler
                0x080003dc                CAN1_RX0_IRQHandler
                0x080003dc                FPU_IRQHandler
                0x080003dc                OTG_HS_WKUP_IRQHandler
                0x080003dc                CAN2_SCE_IRQHandler
                0x080003dc                DMA2_Stream2_IRQHandler
                0x080003dc                SPI1_IRQHandler
                0x080003dc                TIM6_DAC_IRQHandler
                0x080003dc                TIM1_BRK_TIM9_IRQHandler
                0x080003dc                DCMI_IRQHandler
                0x080003dc                CAN2_RX0_IRQHandler
                0x080003dc                DMA2_Stream3_IRQHandler
                0x080003dc                USART6_IRQHandler
                0x080003dc                USART3_IRQHandler
                0x080003dc                CAN1_RX1_IRQHandler
                0x080003dc                UART5_IRQHandler
                0x080003dc                DMA2_Stream0_IRQHandler
                0x080003dc                TIM4_IRQHandler
                0x080003dc                I2C1_EV_IRQHandler
                0x080003dc                DMA1_Stream6_IRQHandler
                0x080003dc                DMA1_Stream1_IRQHandler
                0x080003dc                UART4_IRQHandler
                0x080003dc                TIM3_IRQHandler
                0x080003dc                RCC_IRQHandler
                0x080003dc                TIM8_BRK_TIM12_IRQHandler
                0x080003dc                Default_Handler
                0x080003dc                EXTI15_10_IRQHandler
                0x080003dc                ADC_IRQHandler
                0x080003dc                DMA1_Stream7_IRQHandler
                0x080003dc                TIM7_IRQHandler
                0x080003dc                CAN2_TX_IRQHandler
                0x080003dc                TIM5_IRQHandler
                0x080003dc                DMA2_Stream7_IRQHandler
                0x080003dc                I2C3_EV_IRQHandler
                0x080003dc                EXTI9_5_IRQHandler
                0x080003dc                RTC_WKUP_IRQHandler
                0x080003dc                ETH_WKUP_IRQHandler
                0x080003dc                SPI2_IRQHandler
                0x080003dc                OTG_HS_EP1_IN_IRQHandler
                0x080003dc                DMA1_Stream0_IRQHandler
                0x080003dc                CAN1_TX_IRQHandler
                0x080003dc                EXTI4_IRQHandler
                0x080003dc                FSMC_IRQHandler
                0x080003dc                ETH_IRQHandler
                0x080003dc                OTG_HS_EP1_OUT_IRQHandler
                0x080003dc                WWDG_IRQHandler
                0x080003dc                TIM2_IRQHandler
                0x080003dc                OTG_FS_WKUP_IRQHandler
                0x080003dc                TIM1_TRG_COM_TIM11_IRQHandler
                0x080003dc                OTG_HS_IRQHandler
                0x080003dc                EXTI1_IRQHandler
                0x080003dc                USART2_IRQHandler
                0x080003dc                I2C2_ER_IRQHandler
                0x080003dc                DMA2_Stream1_IRQHandler
                0x080003dc                CAN1_SCE_IRQHandler
                0x080003dc                FLASH_IRQHandler
                0x080003dc                DMA2_Stream4_IRQHandler
                0x080003dc                USART1_IRQHandler
                0x080003dc                OTG_FS_IRQHandler
                0x080003dc                SPI3_IRQHandler
                0x080003dc                DMA1_Stream4_IRQHandler
                0x080003dc                I2C1_ER_IRQHandler
                0x080003dc                DMA2_Stream6_IRQHandler
                0x080003dc                DMA1_Stream3_IRQHandler
 *fill*         0x080003de        0x2 
 .text.HAL_InitTick
                0x080003e0       0x4c CMakeFiles/Clion.elf.dir/Drivers/STM32F4xx_HAL_Driver/Src/stm32f4xx_hal.c.obj
                0x080003e0                HAL_InitTick
 .text.HAL_Init
                0x0800042c       0x34 CMakeFiles/Clion.elf.dir/Drivers/STM32F4xx_HAL_Driver/Src/stm32f4xx_hal.c.obj
                0x0800042c                HAL_Init
 .text.HAL_IncTick
                0x08000460       0x18 CMakeFiles/Clion.elf.dir/Drivers/STM32F4xx_HAL_Driver/Src/stm32f4xx_hal.c.obj
                0x08000460                HAL_IncTick
 .text.HAL_GetTick
                0x08000478        0xc CMakeFiles/Clion.elf.dir/Drivers/STM32F4xx_HAL_Driver/Src/stm32f4xx_hal.c.obj
                0x08000478                HAL_GetTick
 .text.__NVIC_SetPriority
                0x08000484       0x28 CMakeFiles/Clion.elf.dir/Drivers/STM32F4xx_HAL_Driver/Src/stm32f4xx_hal_cortex.c.obj
 .text.NVIC_EncodePriority
                0x080004ac       0x3e CMakeFiles/Clion.elf.dir/Drivers/STM32F4xx_HAL_Driver/Src/stm32f4xx_hal_cortex.c.obj
 *fill*         0x080004ea        0x2 
 .text.HAL_NVIC_SetPriorityGrouping
                0x080004ec       0x24 CMakeFiles/Clion.elf.dir/Drivers/STM32F4xx_HAL_Driver/Src/stm32f4xx_hal_cortex.c.obj
                0x080004ec                HAL_NVIC_SetPriorityGrouping
 .text.HAL_NVIC_SetPriority
                0x08000510       0x20 CMakeFiles/Clion.elf.dir/Drivers/STM32F4xx_HAL_Driver/Src/stm32f4xx_hal_cortex.c.obj
                0x08000510                HAL_NVIC_SetPriority
 .text.HAL_SYSTICK_Config
                0x08000530       0x28 CMakeFiles/Clion.elf.dir/Drivers/STM32F4xx_HAL_Driver/Src/stm32f4xx_hal_cortex.c.obj
                0x08000530                HAL_SYSTICK_Config
 .text.HAL_RCC_OscConfig
                0x08000558      0x3f8 CMakeFiles/Clion.elf.dir/Drivers/STM32F4xx_HAL_Driver/Src/stm32f4xx_hal_rcc.c.obj
                0x08000558                HAL_RCC_OscConfig
 .text.HAL_RCC_GetSysClockFreq
                0x08000950       0xa8 CMakeFiles/Clion.elf.dir/Drivers/STM32F4xx_HAL_Driver/Src/stm32f4xx_hal_rcc.c.obj
                0x08000950                HAL_RCC_GetSysClockFreq
 .text.HAL_RCC_ClockConfig
                0x080009f8      0x160 CMakeFiles/Clion.elf.dir/Drivers/STM32F4xx_HAL_Driver/Src/stm32f4xx_hal_rcc.c.obj
                0x080009f8                HAL_RCC_ClockConfig
 .text.__udivmoddi4
                0x08000b58      0x2bc C:/Software/arm-gnu-toolchain/bin/../lib/gcc/arm-none-eabi/13.3.1/thumb/v7e-m/nofp\libgcc.a(_udivmoddi4.o)
                0x08000b58                __udivmoddi4
 .text.memset   0x08000e14       0xa4 C:/Software/arm-gnu-toolchain/bin/../lib/gcc/arm-none-eabi/13.3.1/thumb/v7e-m/nofp\libg.a(libc_a-memset.o)
                0x08000e14                memset
 .text.__libc_init_array
                0x08000eb8       0x50 C:/Software/arm-gnu-toolchain/bin/../lib/gcc/arm-none-eabi/13.3.1/thumb/v7e-m/nofp\libg.a(libc_a-init.o)
                0x08000eb8                __libc_init_array
 .text.__retarget_lock_acquire_recursive
                0x08000f08        0x4 C:/Software/arm-gnu-toolchain/bin/../lib/gcc/arm-none-eabi/13.3.1/thumb/v7e-m/nofp\libg.a(libc_a-lock.o)
                0x08000f08                __retarget_lock_acquire_recursive
 .text.__retarget_lock_release_recursive
                0x08000f0c        0x4 C:/Software/arm-gnu-toolchain/bin/../lib/gcc/arm-none-eabi/13.3.1/thumb/v7e-m/nofp\libg.a(libc_a-lock.o)
                0x08000f0c                __retarget_lock_release_recursive
 .text.startup.register_fini
                0x08000f10       0x14 C:/Software/arm-gnu-toolchain/bin/../lib/gcc/arm-none-eabi/13.3.1/thumb/v7e-m/nofp\libg.a(libc_a-__call_atexit.o)
 .text.atexit   0x08000f24        0xc C:/Software/arm-gnu-toolchain/bin/../lib/gcc/arm-none-eabi/13.3.1/thumb/v7e-m/nofp\libg.a(libc_a-atexit.o)
                0x08000f24                atexit
 .text.__libc_fini_array
                0x08000f30       0x28 C:/Software/arm-gnu-toolchain/bin/../lib/gcc/arm-none-eabi/13.3.1/thumb/v7e-m/nofp\libg.a(libc_a-fini.o)
                0x08000f30                __libc_fini_array
 .text.__register_exitproc
                0x08000f58       0x80 C:/Software/arm-gnu-toolchain/bin/../lib/gcc/arm-none-eabi/13.3.1/thumb/v7e-m/nofp\libg.a(libc_a-__atexit.o)
                0x08000f58                __register_exitproc
 *(.glue_7)
 .glue_7        0x08000fd8        0x0 linker stubs
 *(.glue_7t)
 .glue_7t       0x08000fd8        0x0 linker stubs
 *(.eh_frame)
 .eh_frame      0x08000fd8        0x0 C:/Software/arm-gnu-toolchain/bin/../lib/gcc/arm-none-eabi/13.3.1/thumb/v7e-m/nofp/crtbegin.o
 *(.init)
 .init          0x08000fd8        0x4 C:/Software/arm-gnu-toolchain/bin/../lib/gcc/arm-none-eabi/13.3.1/thumb/v7e-m/nofp/crti.o
                0x08000fd8                _init
 .init          0x08000fdc        0x8 C:/Software/arm-gnu-toolchain/bin/../lib/gcc/arm-none-eabi/13.3.1/thumb/v7e-m/nofp/crtn.o
 *(.fini)
 .fini          0x08000fe4        0x4 C:/Software/arm-gnu-toolchain/bin/../lib/gcc/arm-none-eabi/13.3.1/thumb/v7e-m/nofp/crti.o
                0x08000fe4                _fini
 .fini          0x08000fe8        0x8 C:/Software/arm-gnu-toolchain/bin/../lib/gcc/arm-none-eabi/13.3.1/thumb/v7e-m/nofp/crtn.o
                0x08000ff0                        . = ALIGN (0x4)
                0x08000ff0                        _etext = .

.vfp11_veneer   0x08000ff0        0x0
 .vfp11_veneer  0x08000ff0        0x0 linker stubs

.v4_bx          0x08000ff0        0x0
 .v4_bx         0x08000ff0        0x0 linker stubs

.iplt           0x08000ff0        0x0
 .iplt          0x08000ff0        0x0 C:/Software/arm-gnu-toolchain/bin/../lib/gcc/arm-none-eabi/13.3.1/thumb/v7e-m/nofp/crtbegin.o

.rodata         0x08000ff0       0x10
                0x08000ff0                        . = ALIGN (0x4)
 *(.rodata)
 *(.rodata*)
 .rodata.AHBPrescTable
                0x08000ff0       0x10 CMakeFiles/Clion.elf.dir/Core/Src/system_stm32f4xx.c.obj
                0x08000ff0                AHBPrescTable
                0x08001000                        . = ALIGN (0x4)

.ARM.extab      0x08001000        0x0
                0x08001000                        . = ALIGN (0x4)
 *(.ARM.extab* .gnu.linkonce.armextab.*)
                0x08001000                        . = ALIGN (0x4)

.ARM            0x08001000        0x8
                0x08001000                        . = ALIGN (0x4)
                0x08001000                        __exidx_start = .
 *(.ARM.exidx*)
 .ARM.exidx.text.__udivmoddi4
                0x08001000        0x8 C:/Software/arm-gnu-toolchain/bin/../lib/gcc/arm-none-eabi/13.3.1/thumb/v7e-m/nofp\libgcc.a(_udivmoddi4.o)
                0x08001008                        __exidx_end = .
                0x08001008                        . = ALIGN (0x4)

.preinit_array  0x08001008        0x0
                0x08001008                        . = ALIGN (0x4)
                0x08001008                        PROVIDE (__preinit_array_start = .)
 *(.preinit_array*)
                0x08001008                        PROVIDE (__preinit_array_end = .)
                0x08001008                        . = ALIGN (0x4)

.init_array     0x08001008        0x8
                0x08001008                        . = ALIGN (0x4)
                0x08001008                        PROVIDE (__init_array_start = .)
 *(SORT_BY_NAME(.init_array.*))
 .init_array.00000
                0x08001008        0x4 C:/Software/arm-gnu-toolchain/bin/../lib/gcc/arm-none-eabi/13.3.1/thumb/v7e-m/nofp\libg.a(libc_a-__call_atexit.o)
 *(.init_array*)
 .init_array    0x0800100c        0x4 C:/Software/arm-gnu-toolchain/bin/../lib/gcc/arm-none-eabi/13.3.1/thumb/v7e-m/nofp/crtbegin.o
                0x08001010                        PROVIDE (__init_array_end = .)
                0x08001010                        . = ALIGN (0x4)

.fini_array     0x08001010        0x4
                0x08001010                        . = ALIGN (0x4)
                0x08001010                        PROVIDE (__fini_array_start = .)
 *(SORT_BY_NAME(.fini_array.*))
 *(.fini_array*)
 .fini_array    0x08001010        0x4 C:/Software/arm-gnu-toolchain/bin/../lib/gcc/arm-none-eabi/13.3.1/thumb/v7e-m/nofp/crtbegin.o
                0x08001014                        PROVIDE (__fini_array_end = .)
                0x08001014                        . = ALIGN (0x4)
                0x08001014                        _sidata = LOADADDR (.data)

.rel.dyn        0x08001014        0x0
 .rel.iplt      0x08001014        0x0 C:/Software/arm-gnu-toolchain/bin/../lib/gcc/arm-none-eabi/13.3.1/thumb/v7e-m/nofp/crtbegin.o

.data           0x20000000       0x10 load address 0x08001014
                0x20000000                        . = ALIGN (0x4)
                0x20000000                        _sdata = .
 *(.data)
 *(.data*)
 .data.SystemCoreClock
                0x20000000        0x4 CMakeFiles/Clion.elf.dir/Core/Src/system_stm32f4xx.c.obj
                0x20000000                SystemCoreClock
 .data.uwTickFreq
                0x20000004        0x1 CMakeFiles/Clion.elf.dir/Drivers/STM32F4xx_HAL_Driver/Src/stm32f4xx_hal.c.obj
                0x20000004                uwTickFreq
 *fill*         0x20000005        0x3 
 .data.uwTickPrio
                0x20000008        0x4 CMakeFiles/Clion.elf.dir/Drivers/STM32F4xx_HAL_Driver/Src/stm32f4xx_hal.c.obj
                0x20000008                uwTickPrio
 .data.__atexit_recursive_mutex
                0x2000000c        0x4 C:/Software/arm-gnu-toolchain/bin/../lib/gcc/arm-none-eabi/13.3.1/thumb/v7e-m/nofp\libg.a(libc_a-__call_atexit.o)
                0x2000000c                __atexit_recursive_mutex
 *(.RamFunc)
 *(.RamFunc*)
                0x20000010                        . = ALIGN (0x4)
                0x20000010                        _edata = .
                0x08001024                        _siccmram = LOADADDR (.ccmram)

.tm_clone_table
                0x20000010        0x0 load address 0x08001024
 .tm_clone_table
                0x20000010        0x0 C:/Software/arm-gnu-toolchain/bin/../lib/gcc/arm-none-eabi/13.3.1/thumb/v7e-m/nofp/crtbegin.o
 .tm_clone_table
                0x20000010        0x0 C:/Software/arm-gnu-toolchain/bin/../lib/gcc/arm-none-eabi/13.3.1/thumb/v7e-m/nofp/crtend.o

.igot.plt       0x20000010        0x0 load address 0x08001024
 .igot.plt      0x20000010        0x0 C:/Software/arm-gnu-toolchain/bin/../lib/gcc/arm-none-eabi/13.3.1/thumb/v7e-m/nofp/crtbegin.o

.ccmram         0x10000000        0x0 load address 0x08001024
                0x10000000                        . = ALIGN (0x4)
                0x10000000                        _sccmram = .
 *(.ccmram)
 *(.ccmram*)
                0x10000000                        . = ALIGN (0x4)
                0x10000000                        _eccmram = .
                0x10000000                        . = ALIGN (0x4)

.bss            0x20000010      0x1b8
                0x20000010                        _sbss = .
                0x20000010                        __bss_start__ = _sbss
 *(.bss)
 *(.bss*)
 .bss.completed.1
                0x20000010        0x1 C:/Software/arm-gnu-toolchain/bin/../lib/gcc/arm-none-eabi/13.3.1/thumb/v7e-m/nofp/crtbegin.o
 *fill*         0x20000011        0x3 
 .bss.object.0  0x20000014       0x18 C:/Software/arm-gnu-toolchain/bin/../lib/gcc/arm-none-eabi/13.3.1/thumb/v7e-m/nofp/crtbegin.o
 .bss.uwTick    0x2000002c        0x4 CMakeFiles/Clion.elf.dir/Drivers/STM32F4xx_HAL_Driver/Src/stm32f4xx_hal.c.obj
                0x2000002c                uwTick
 .bss.__lock___atexit_recursive_mutex
                0x20000030        0x1 C:/Software/arm-gnu-toolchain/bin/../lib/gcc/arm-none-eabi/13.3.1/thumb/v7e-m/nofp\libg.a(libc_a-lock.o)
                0x20000030                __lock___atexit_recursive_mutex
 *fill*         0x20000031        0x3 
 .bss.__atexit  0x20000034        0x4 C:/Software/arm-gnu-toolchain/bin/../lib/gcc/arm-none-eabi/13.3.1/thumb/v7e-m/nofp\libg.a(libc_a-__call_atexit.o)
                0x20000034                __atexit
 .bss.__atexit0
                0x20000038      0x190 C:/Software/arm-gnu-toolchain/bin/../lib/gcc/arm-none-eabi/13.3.1/thumb/v7e-m/nofp\libg.a(libc_a-__atexit.o)
                0x20000038                __atexit0
 *(COMMON)
                0x200001c8                        . = ALIGN (0x4)
                0x200001c8                        _ebss = .
                0x200001c8                        __bss_end__ = _ebss

._user_heap_stack
                0x200001c8      0x600
                0x200001c8                        . = ALIGN (0x8)
                [!provide]                        PROVIDE (end = .)
                0x200001c8                        PROVIDE (_end = .)
                0x200003c8                        . = (. + _Min_Heap_Size)
 *fill*         0x200001c8      0x200 
                0x200007c8                        . = (. + _Min_Stack_Size)
 *fill*         0x200003c8      0x400 
                0x200007c8                        . = ALIGN (0x8)

/DISCARD/
 libc.a(*)
 libm.a(*)
 libgcc.a(*)

.ARM.attributes
                0x00000000       0x2a
 *(.ARM.attributes)
 .ARM.attributes
                0x00000000       0x1e C:/Software/arm-gnu-toolchain/bin/../lib/gcc/arm-none-eabi/13.3.1/thumb/v7e-m/nofp/crti.o
 .ARM.attributes
                0x0000001e       0x2e C:/Software/arm-gnu-toolchain/bin/../lib/gcc/arm-none-eabi/13.3.1/thumb/v7e-m/nofp/crtbegin.o
 .ARM.attributes
                0x0000004c       0x2e CMakeFiles/Clion.elf.dir/Core/Src/gpio.c.obj
 .ARM.attributes
                0x0000007a       0x2e CMakeFiles/Clion.elf.dir/Core/Src/main.c.obj
 .ARM.attributes
                0x000000a8       0x2e CMakeFiles/Clion.elf.dir/Core/Src/stm32f4xx_hal_msp.c.obj
 .ARM.attributes
                0x000000d6       0x2e CMakeFiles/Clion.elf.dir/Core/Src/stm32f4xx_it.c.obj
 .ARM.attributes
                0x00000104       0x2e CMakeFiles/Clion.elf.dir/Core/Src/system_stm32f4xx.c.obj
 .ARM.attributes
                0x00000132       0x21 CMakeFiles/Clion.elf.dir/Core/Startup/startup_stm32f407zgtx.s.obj
 .ARM.attributes
                0x00000153       0x2e CMakeFiles/Clion.elf.dir/Drivers/STM32F4xx_HAL_Driver/Src/stm32f4xx_hal.c.obj
 .ARM.attributes
                0x00000181       0x2e CMakeFiles/Clion.elf.dir/Drivers/STM32F4xx_HAL_Driver/Src/stm32f4xx_hal_cortex.c.obj
 .ARM.attributes
                0x000001af       0x2e CMakeFiles/Clion.elf.dir/Drivers/STM32F4xx_HAL_Driver/Src/stm32f4xx_hal_rcc.c.obj
 .ARM.attributes
                0x000001dd       0x1e C:/Software/arm-gnu-toolchain/bin/../lib/gcc/arm-none-eabi/13.3.1/thumb/v7e-m/nofp\libgcc.a(_aeabi_uldivmod.o)
 .ARM.attributes
                0x000001fb       0x2e C:/Software/arm-gnu-toolchain/bin/../lib/gcc/arm-none-eabi/13.3.1/thumb/v7e-m/nofp\libgcc.a(_udivmoddi4.o)
 .ARM.attributes
                0x00000229       0x1e C:/Software/arm-gnu-toolchain/bin/../lib/gcc/arm-none-eabi/13.3.1/thumb/v7e-m/nofp\libgcc.a(_dvmd_tls.o)
 .ARM.attributes
                0x00000247       0x2e C:/Software/arm-gnu-toolchain/bin/../lib/gcc/arm-none-eabi/13.3.1/thumb/v7e-m/nofp\libg.a(libc_a-memset.o)
 .ARM.attributes
                0x00000275       0x2e C:/Software/arm-gnu-toolchain/bin/../lib/gcc/arm-none-eabi/13.3.1/thumb/v7e-m/nofp\libg.a(libc_a-init.o)
 .ARM.attributes
                0x000002a3       0x2e C:/Software/arm-gnu-toolchain/bin/../lib/gcc/arm-none-eabi/13.3.1/thumb/v7e-m/nofp\libg.a(libc_a-lock.o)
 .ARM.attributes
                0x000002d1       0x2e C:/Software/arm-gnu-toolchain/bin/../lib/gcc/arm-none-eabi/13.3.1/thumb/v7e-m/nofp\libg.a(libc_a-__call_atexit.o)
 .ARM.attributes
                0x000002ff       0x2e C:/Software/arm-gnu-toolchain/bin/../lib/gcc/arm-none-eabi/13.3.1/thumb/v7e-m/nofp\libg.a(libc_a-atexit.o)
 .ARM.attributes
                0x0000032d       0x2e C:/Software/arm-gnu-toolchain/bin/../lib/gcc/arm-none-eabi/13.3.1/thumb/v7e-m/nofp\libg.a(libc_a-fini.o)
 .ARM.attributes
                0x0000035b       0x2e C:/Software/arm-gnu-toolchain/bin/../lib/gcc/arm-none-eabi/13.3.1/thumb/v7e-m/nofp\libg.a(libc_a-__atexit.o)
 .ARM.attributes
                0x00000389       0x2e C:/Software/arm-gnu-toolchain/bin/../lib/gcc/arm-none-eabi/13.3.1/thumb/v7e-m/nofp/crtend.o
 .ARM.attributes
                0x000003b7       0x1e C:/Software/arm-gnu-toolchain/bin/../lib/gcc/arm-none-eabi/13.3.1/thumb/v7e-m/nofp/crtn.o
OUTPUT(Clion.elf elf32-littlearm)
LOAD linker stubs
LOAD C:/Software/arm-gnu-toolchain/bin/../lib/gcc/arm-none-eabi/13.3.1/thumb/v7e-m/nofp\libc.a
LOAD C:/Software/arm-gnu-toolchain/bin/../lib/gcc/arm-none-eabi/13.3.1/thumb/v7e-m/nofp\libm.a
LOAD C:/Software/arm-gnu-toolchain/bin/../lib/gcc/arm-none-eabi/13.3.1/thumb/v7e-m/nofp\libgcc.a

.debug_info     0x00000000     0x32c5
 .debug_info    0x00000000      0x265 CMakeFiles/Clion.elf.dir/Core/Src/gpio.c.obj
 .debug_info    0x00000265      0x537 CMakeFiles/Clion.elf.dir/Core/Src/main.c.obj
 .debug_info    0x0000079c      0x265 CMakeFiles/Clion.elf.dir/Core/Src/stm32f4xx_hal_msp.c.obj
 .debug_info    0x00000a01      0x11c CMakeFiles/Clion.elf.dir/Core/Src/stm32f4xx_it.c.obj
 .debug_info    0x00000b1d      0x334 CMakeFiles/Clion.elf.dir/Core/Src/system_stm32f4xx.c.obj
 .debug_info    0x00000e51       0x30 CMakeFiles/Clion.elf.dir/Core/Startup/startup_stm32f407zgtx.s.obj
 .debug_info    0x00000e81      0x9e2 CMakeFiles/Clion.elf.dir/Drivers/STM32F4xx_HAL_Driver/Src/stm32f4xx_hal.c.obj
 .debug_info    0x00001863      0xff5 CMakeFiles/Clion.elf.dir/Drivers/STM32F4xx_HAL_Driver/Src/stm32f4xx_hal_cortex.c.obj
 .debug_info    0x00002858      0xa6d CMakeFiles/Clion.elf.dir/Drivers/STM32F4xx_HAL_Driver/Src/stm32f4xx_hal_rcc.c.obj

.debug_abbrev   0x00000000      0xdeb
 .debug_abbrev  0x00000000       0xd6 CMakeFiles/Clion.elf.dir/Core/Src/gpio.c.obj
 .debug_abbrev  0x000000d6      0x1e7 CMakeFiles/Clion.elf.dir/Core/Src/main.c.obj
 .debug_abbrev  0x000002bd       0xd6 CMakeFiles/Clion.elf.dir/Core/Src/stm32f4xx_hal_msp.c.obj
 .debug_abbrev  0x00000393       0x7c CMakeFiles/Clion.elf.dir/Core/Src/stm32f4xx_it.c.obj
 .debug_abbrev  0x0000040f      0x120 CMakeFiles/Clion.elf.dir/Core/Src/system_stm32f4xx.c.obj
 .debug_abbrev  0x0000052f       0x24 CMakeFiles/Clion.elf.dir/Core/Startup/startup_stm32f407zgtx.s.obj
 .debug_abbrev  0x00000553      0x240 CMakeFiles/Clion.elf.dir/Drivers/STM32F4xx_HAL_Driver/Src/stm32f4xx_hal.c.obj
 .debug_abbrev  0x00000793      0x391 CMakeFiles/Clion.elf.dir/Drivers/STM32F4xx_HAL_Driver/Src/stm32f4xx_hal_cortex.c.obj
 .debug_abbrev  0x00000b24      0x2c7 CMakeFiles/Clion.elf.dir/Drivers/STM32F4xx_HAL_Driver/Src/stm32f4xx_hal_rcc.c.obj

.debug_aranges  0x00000000      0x390
 .debug_aranges
                0x00000000       0x20 CMakeFiles/Clion.elf.dir/Core/Src/gpio.c.obj
 .debug_aranges
                0x00000020       0x30 CMakeFiles/Clion.elf.dir/Core/Src/main.c.obj
 .debug_aranges
                0x00000050       0x20 CMakeFiles/Clion.elf.dir/Core/Src/stm32f4xx_hal_msp.c.obj
 .debug_aranges
                0x00000070       0x60 CMakeFiles/Clion.elf.dir/Core/Src/stm32f4xx_it.c.obj
 .debug_aranges
                0x000000d0       0x28 CMakeFiles/Clion.elf.dir/Core/Src/system_stm32f4xx.c.obj
 .debug_aranges
                0x000000f8       0x28 CMakeFiles/Clion.elf.dir/Core/Startup/startup_stm32f407zgtx.s.obj
 .debug_aranges
                0x00000120       0xf0 CMakeFiles/Clion.elf.dir/Drivers/STM32F4xx_HAL_Driver/Src/stm32f4xx_hal.c.obj
 .debug_aranges
                0x00000210       0xf8 CMakeFiles/Clion.elf.dir/Drivers/STM32F4xx_HAL_Driver/Src/stm32f4xx_hal_cortex.c.obj
 .debug_aranges
                0x00000308       0x88 CMakeFiles/Clion.elf.dir/Drivers/STM32F4xx_HAL_Driver/Src/stm32f4xx_hal_rcc.c.obj

.debug_rnglists
                0x00000000      0x295
 .debug_rnglists
                0x00000000       0x13 CMakeFiles/Clion.elf.dir/Core/Src/gpio.c.obj
 .debug_rnglists
                0x00000013       0x20 CMakeFiles/Clion.elf.dir/Core/Src/main.c.obj
 .debug_rnglists
                0x00000033       0x13 CMakeFiles/Clion.elf.dir/Core/Src/stm32f4xx_hal_msp.c.obj
 .debug_rnglists
                0x00000046       0x43 CMakeFiles/Clion.elf.dir/Core/Src/stm32f4xx_it.c.obj
 .debug_rnglists
                0x00000089       0x1a CMakeFiles/Clion.elf.dir/Core/Src/system_stm32f4xx.c.obj
 .debug_rnglists
                0x000000a3       0x19 CMakeFiles/Clion.elf.dir/Core/Startup/startup_stm32f407zgtx.s.obj
 .debug_rnglists
                0x000000bc       0xaf CMakeFiles/Clion.elf.dir/Drivers/STM32F4xx_HAL_Driver/Src/stm32f4xx_hal.c.obj
 .debug_rnglists
                0x0000016b       0xb5 CMakeFiles/Clion.elf.dir/Drivers/STM32F4xx_HAL_Driver/Src/stm32f4xx_hal_cortex.c.obj
 .debug_rnglists
                0x00000220       0x75 CMakeFiles/Clion.elf.dir/Drivers/STM32F4xx_HAL_Driver/Src/stm32f4xx_hal_rcc.c.obj

.debug_line     0x00000000     0x24af
 .debug_line    0x00000000      0x163 CMakeFiles/Clion.elf.dir/Core/Src/gpio.c.obj
 .debug_line    0x00000163      0x371 CMakeFiles/Clion.elf.dir/Core/Src/main.c.obj
 .debug_line    0x000004d4      0x170 CMakeFiles/Clion.elf.dir/Core/Src/stm32f4xx_hal_msp.c.obj
 .debug_line    0x00000644      0x17d CMakeFiles/Clion.elf.dir/Core/Src/stm32f4xx_it.c.obj
 .debug_line    0x000007c1      0x238 CMakeFiles/Clion.elf.dir/Core/Src/system_stm32f4xx.c.obj
 .debug_line    0x000009f9       0x7a CMakeFiles/Clion.elf.dir/Core/Startup/startup_stm32f407zgtx.s.obj
 .debug_line    0x00000a73      0x5c1 CMakeFiles/Clion.elf.dir/Drivers/STM32F4xx_HAL_Driver/Src/stm32f4xx_hal.c.obj
 .debug_line    0x00001034      0x884 CMakeFiles/Clion.elf.dir/Drivers/STM32F4xx_HAL_Driver/Src/stm32f4xx_hal_cortex.c.obj
 .debug_line    0x000018b8      0xbf7 CMakeFiles/Clion.elf.dir/Drivers/STM32F4xx_HAL_Driver/Src/stm32f4xx_hal_rcc.c.obj

.debug_str      0x00000000     0x168d
 .debug_str     0x00000000     0x168d CMakeFiles/Clion.elf.dir/Core/Src/gpio.c.obj
                                0x2d1 (size before relaxing)
 .debug_str     0x0000168d      0x4b0 CMakeFiles/Clion.elf.dir/Core/Src/main.c.obj
 .debug_str     0x0000168d      0x2dd CMakeFiles/Clion.elf.dir/Core/Src/stm32f4xx_hal_msp.c.obj
 .debug_str     0x0000168d      0x251 CMakeFiles/Clion.elf.dir/Core/Src/stm32f4xx_it.c.obj
 .debug_str     0x0000168d      0x343 CMakeFiles/Clion.elf.dir/Core/Src/system_stm32f4xx.c.obj
 .debug_str     0x0000168d       0x93 CMakeFiles/Clion.elf.dir/Core/Startup/startup_stm32f407zgtx.s.obj
 .debug_str     0x0000168d      0xb86 CMakeFiles/Clion.elf.dir/Drivers/STM32F4xx_HAL_Driver/Src/stm32f4xx_hal.c.obj
 .debug_str     0x0000168d      0xc97 CMakeFiles/Clion.elf.dir/Drivers/STM32F4xx_HAL_Driver/Src/stm32f4xx_hal_cortex.c.obj
 .debug_str     0x0000168d      0x728 CMakeFiles/Clion.elf.dir/Drivers/STM32F4xx_HAL_Driver/Src/stm32f4xx_hal_rcc.c.obj

.comment        0x00000000       0x45
 .comment       0x00000000       0x45 CMakeFiles/Clion.elf.dir/Core/Src/gpio.c.obj
                                 0x46 (size before relaxing)
 .comment       0x00000045       0x46 CMakeFiles/Clion.elf.dir/Core/Src/main.c.obj
 .comment       0x00000045       0x46 CMakeFiles/Clion.elf.dir/Core/Src/stm32f4xx_hal_msp.c.obj
 .comment       0x00000045       0x46 CMakeFiles/Clion.elf.dir/Core/Src/stm32f4xx_it.c.obj
 .comment       0x00000045       0x46 CMakeFiles/Clion.elf.dir/Core/Src/system_stm32f4xx.c.obj
 .comment       0x00000045       0x46 CMakeFiles/Clion.elf.dir/Drivers/STM32F4xx_HAL_Driver/Src/stm32f4xx_hal.c.obj
 .comment       0x00000045       0x46 CMakeFiles/Clion.elf.dir/Drivers/STM32F4xx_HAL_Driver/Src/stm32f4xx_hal_cortex.c.obj
 .comment       0x00000045       0x46 CMakeFiles/Clion.elf.dir/Drivers/STM32F4xx_HAL_Driver/Src/stm32f4xx_hal_rcc.c.obj

.debug_frame    0x00000000      0x938
 .debug_frame   0x00000000       0x28 CMakeFiles/Clion.elf.dir/Core/Src/gpio.c.obj
 .debug_frame   0x00000028       0x58 CMakeFiles/Clion.elf.dir/Core/Src/main.c.obj
 .debug_frame   0x00000080       0x28 CMakeFiles/Clion.elf.dir/Core/Src/stm32f4xx_hal_msp.c.obj
 .debug_frame   0x000000a8       0xa8 CMakeFiles/Clion.elf.dir/Core/Src/stm32f4xx_it.c.obj
 .debug_frame   0x00000150       0x30 CMakeFiles/Clion.elf.dir/Core/Src/system_stm32f4xx.c.obj
 .debug_frame   0x00000180      0x1ec CMakeFiles/Clion.elf.dir/Drivers/STM32F4xx_HAL_Driver/Src/stm32f4xx_hal.c.obj
 .debug_frame   0x0000036c      0x214 CMakeFiles/Clion.elf.dir/Drivers/STM32F4xx_HAL_Driver/Src/stm32f4xx_hal_cortex.c.obj
 .debug_frame   0x00000580      0x16c CMakeFiles/Clion.elf.dir/Drivers/STM32F4xx_HAL_Driver/Src/stm32f4xx_hal_rcc.c.obj
 .debug_frame   0x000006ec       0x2c C:/Software/arm-gnu-toolchain/bin/../lib/gcc/arm-none-eabi/13.3.1/thumb/v7e-m/nofp\libgcc.a(_aeabi_uldivmod.o)
 .debug_frame   0x00000718       0x34 C:/Software/arm-gnu-toolchain/bin/../lib/gcc/arm-none-eabi/13.3.1/thumb/v7e-m/nofp\libgcc.a(_udivmoddi4.o)
 .debug_frame   0x0000074c       0x2c C:/Software/arm-gnu-toolchain/bin/../lib/gcc/arm-none-eabi/13.3.1/thumb/v7e-m/nofp\libg.a(libc_a-memset.o)
 .debug_frame   0x00000778       0x2c C:/Software/arm-gnu-toolchain/bin/../lib/gcc/arm-none-eabi/13.3.1/thumb/v7e-m/nofp\libg.a(libc_a-init.o)
 .debug_frame   0x000007a4       0xb0 C:/Software/arm-gnu-toolchain/bin/../lib/gcc/arm-none-eabi/13.3.1/thumb/v7e-m/nofp\libg.a(libc_a-lock.o)
 .debug_frame   0x00000854       0x5c C:/Software/arm-gnu-toolchain/bin/../lib/gcc/arm-none-eabi/13.3.1/thumb/v7e-m/nofp\libg.a(libc_a-__call_atexit.o)
 .debug_frame   0x000008b0       0x20 C:/Software/arm-gnu-toolchain/bin/../lib/gcc/arm-none-eabi/13.3.1/thumb/v7e-m/nofp\libg.a(libc_a-atexit.o)
 .debug_frame   0x000008d0       0x34 C:/Software/arm-gnu-toolchain/bin/../lib/gcc/arm-none-eabi/13.3.1/thumb/v7e-m/nofp\libg.a(libc_a-fini.o)
 .debug_frame   0x00000904       0x34 C:/Software/arm-gnu-toolchain/bin/../lib/gcc/arm-none-eabi/13.3.1/thumb/v7e-m/nofp\libg.a(libc_a-__atexit.o)

.debug_loclists
                0x00000000      0xb0d
 .debug_loclists
                0x00000000       0xfa CMakeFiles/Clion.elf.dir/Core/Src/system_stm32f4xx.c.obj
 .debug_loclists
                0x000000fa       0xe1 CMakeFiles/Clion.elf.dir/Drivers/STM32F4xx_HAL_Driver/Src/stm32f4xx_hal.c.obj
 .debug_loclists
                0x000001db      0x54d CMakeFiles/Clion.elf.dir/Drivers/STM32F4xx_HAL_Driver/Src/stm32f4xx_hal_cortex.c.obj
 .debug_loclists
                0x00000728      0x3e5 CMakeFiles/Clion.elf.dir/Drivers/STM32F4xx_HAL_Driver/Src/stm32f4xx_hal_rcc.c.obj

.debug_line_str
                0x00000000      0x149
 .debug_line_str
                0x00000000      0x149 CMakeFiles/Clion.elf.dir/Core/Startup/startup_stm32f407zgtx.s.obj
                                 0x77 (size before relaxing)
 .debug_line_str
                0x00000149       0xc6 C:/Software/arm-gnu-toolchain/bin/../lib/gcc/arm-none-eabi/13.3.1/thumb/v7e-m/nofp\libgcc.a(_aeabi_uldivmod.o)
 .debug_line_str
                0x00000149       0xca C:/Software/arm-gnu-toolchain/bin/../lib/gcc/arm-none-eabi/13.3.1/thumb/v7e-m/nofp\libgcc.a(_dvmd_tls.o)
